[apps.nakeddev.com/clutch9ab2.html]
[backblue.gif]
[fade.gif]
[index.html]
[apps.nakeddev.com/hubfs/Untitled design (1).png]
[apps.nakeddev.com/hs-fs/hub/43674467/hub_generated/template_assets/131821097813/1708386445378/sr-theme-free_copy/css/bootstrap.min.css]
[apps.nakeddev.com/hs-fs/hub/43674467/hub_generated/template_assets/135387643257/1708386438487/sr-theme-free_copy/child.min.css]
[apps.nakeddev.com/hs-fs/hub/43674467/hub_generated/module_assets/136721250933/1695800703926/module_136721250933_Header.min.css]
[apps.nakeddev.com/hs-fs/hub/43674467/hub_generated/module_assets/136400805796/1712500519523/module_136400805796_Banner_Module.min.css]
[apps.nakeddev.com/hs-fs/hub/43674467/hub_generated/module_assets/136427724442/1695733156588/module_136427724442_Multiple_App_Module.min.css]
[apps.nakeddev.com/hs-fs/hub/43674467/hub_generated/module_assets/136542760758/1712500703744/module_136542760758_Testimonial_Module.min.css]
[apps.nakeddev.com/hs-fs/hub/43674467/hub_generated/module_assets/136436803216/1712501562275/module_136436803216_Multiple_Brands_Module.min.css]
[apps.nakeddev.com/hs-fs/hub/43674467/hub_generated/module_assets/136546121514/1696402916100/module_136546121514_Full_Width_Module.min.css]
[apps.nakeddev.com/hs-fs/hub/43674467/hub_generated/module_assets/136550089228/1712501172764/module_136550089228_Four_Block_Module.min.css]
[apps.nakeddev.com/hs-fs/hub/43674467/hub_generated/module_assets/136552478326/1696414021484/module_136552478326_Full_Width_Image_Content_Module.min.css]
[apps.nakeddev.com/hs-fs/hub/43674467/hub_generated/module_assets/136709482838/1695799141339/module_136709482838_Footer.min.css]
[apps.nakeddev.com/_hcms/googlefonts/Poppins/regular.woff2]
[apps.nakeddev.com/_hcms/googlefonts/Poppins/regular.woff]
[apps.nakeddev.com/_hcms/googlefonts/Poppins/600.woff2]
[apps.nakeddev.com/_hcms/googlefonts/Poppins/600.woff]
[apps.nakeddev.com/_hcms/googlefonts/Poppins/300.woff2]
[apps.nakeddev.com/_hcms/googlefonts/Poppins/300.woff]
[apps.nakeddev.com/_hcms/googlefonts/Montserrat/regular.woff2]
[apps.nakeddev.com/_hcms/googlefonts/Montserrat/regular.woff]
[apps.nakeddev.com/_hcms/googlefonts/Montserrat/600.woff2]
[apps.nakeddev.com/_hcms/googlefonts/Montserrat/600.woff]
[apps.nakeddev.com/clutch.html]
[apps.nakeddev.com/hs-fs/hubfs/Naked_2023/webp_images/White-Naked-Logoc220.png]
[code.jquery.com/jquery-3.7.1.min.js]
[apps.nakeddev.com/hubfs/Naked_2023/webp_images/banner-bg.webp]
[apps.nakeddev.com/cal-clutch.html]
[apps.nakeddev.com/hs-fs/hubfs/Naked_2023/webp_images/logo29a93.jpg]
[apps.nakeddev.com/hs-fs/hubfs/Naked_2023/webp_images/logo17a8a.jpg]
[apps.nakeddev.com/hs-fs/hubfs/Naked_2023/webp_images/logo31255.jpg]
[apps.nakeddev.com/hs-fs/hubfs/top_clutch.co_mobile__app_marketing_company_united_states_2024-3df4a.png]
[apps.nakeddev.com/hs-fs/hubfs/Approved Partner Badge.EN-411f6.png]
[apps.nakeddev.com/hs-fs/hubfs/top_clutch.co_app_development_company_financial_services_united_states8bca.png]
[apps.nakeddev.com/hs-fs/hubfs/Naked_2023/webp_images/app-bg1c9d.jpg]
[apps.nakeddev.com/hs-fs/hubfs/Naked_2023/webp_images/img-1de5a.png]
[apps.nakeddev.com/hs-fs/hubfs/Naked_2023/webp_images/newsweekd5a4.png]
[apps.nakeddev.com/hs-fs/hubfs/Naked_2023/webp_images/forbees7c99.png]
[apps.nakeddev.com/hs-fs/hubfs/Naked_2023/webp_images/gizmododc93.png]
[apps.nakeddev.com/hs-fs/hubfs/Naked_2023/webp_images/cbsc499.png]
[apps.nakeddev.com/hs-fs/hubfs/Naked_2023/webp_images/nbc-1618c.png]
[apps.nakeddev.com/hs-fs/hubfs/Naked_2023/webp_images/image2a7a8.png]
[apps.nakeddev.com/hs-fs/hubfs/Naked_2023/webp_images/image11481.png]
[apps.nakeddev.com/hs-fs/hubfs/Naked_2023/webp_images/kinnel028f.png]
[apps.nakeddev.com/hs-fs/hubfs/Naked_2023/webp_images/image4764e.png]
[apps.nakeddev.com/hs-fs/hubfs/Naked_2023/webp_images/news9361.png]
[apps.nakeddev.com/hs-fs/hubfs/Naked_2023/webp_images/dailshowa361.png]
[apps.nakeddev.com/hs-fs/hubfs/Naked_2023/webp_images/verizonc4e2.png]
[apps.nakeddev.com/hs-fs/hubfs/Naked_2023/webp_images/google4935.png]
[apps.nakeddev.com/hs-fs/hubfs/Naked_2023/webp_images/blossom104d.png]
[apps.nakeddev.com/hs-fs/hubfs/Naked_2023/webp_images/universal8c74.png]
[apps.nakeddev.com/hs-fs/hubfs/Naked_2023/webp_images/timeb7e7.png]
[apps.nakeddev.com/hs-fs/hubfs/Naked_2023/webp_images/mobll2e61.png]
[apps.nakeddev.com/hs-fs/hubfs/Naked_2023/webp_images/honest-kitchenfa33.png]
[apps.nakeddev.com/hs-fs/hubfs/Naked_2023/webp_images/elo484e.png]
[apps.nakeddev.com/hs-fs/hubfs/Naked_2023/webp_images/snapchatd628.png]
[apps.nakeddev.com/hs-fs/hubfs/Naked_2023/webp_images/mitchell-mess1792.png]
[apps.nakeddev.com/hs-fs/hubfs/Naked_2023/webp_images/superhuman23f7.png]
[apps.nakeddev.com/hs-fs/hubfs/Naked_2023/webp_images/cuties98ab.png]
[apps.nakeddev.com/hs-fs/hubfs/Naked_2023/webp_images/tevorlivee3fd.png]
[apps.nakeddev.com/hs-fs/hubfs/Naked_2023/webp_images/amazing grass2379.png]
[apps.nakeddev.com/hs-fs/hubfs/Naked_2023/webp_images/alcatele725.png]
[apps.nakeddev.com/hs-fs/hubfs/Naked_2023/webp_images/baseballismebcc.jpg]
[apps.nakeddev.com/hs-fs/hubfs/Naked_2023/webp_images/vizio0a5b.jpg]
[apps.nakeddev.com/hs-fs/hubfs/Naked_2023/webp_images/tendergreens537d.png]
[apps.nakeddev.com/hs-fs/hubfs/Naked_2023/webp_images/irvine-companyf626.png]
[apps.nakeddev.com/hs-fs/hubfs/Naked_2023/webp_images/arlob6f7.png]
[apps.nakeddev.com/hs-fs/hubfs/Naked_2023/webp_images/jim-henson92ef.png]
[apps.nakeddev.com/hs-fs/hubfs/Naked_2023/webp_images/bluehornet43a7.png]
[apps.nakeddev.com/hs-fs/hubfs/Naked_2023/webp_images/california0be5.png]
[apps.nakeddev.com/hs-fs/hubfs/Naked_2023/webp_images/ambulnz1a1a.png]
[apps.nakeddev.com/hs-fs/hubfs/Naked_2023/webp_images/skybell72bb.png]
[apps.nakeddev.com/hs-fs/hubfs/Naked_2023/webp_images/chewwy5323.png]
[apps.nakeddev.com/hs-fs/hubfs/Naked_2023/webp_images/ascensusa99f.png]
[apps.nakeddev.com/hs-fs/hubfs/Naked_2023/webp_images/Checkmark2b2e.png]
[apps.nakeddev.com/hs-fs/hubfs/Naked_2023/webp_images/Clock160d.jpg]
[apps.nakeddev.com/hs-fs/hubfs/Naked_2023/webp_images/Award43e3.png]
[apps.nakeddev.com/hs-fs/hubfs/Naked_2023/webp_images/Idea5e62.png]
[apps.nakeddev.com/hs-fs/hubfs/Naked_2023/webp_images/group-1dde5.png]
[apps.nakeddev.com/hubfs/Naked_2023/webp_images/Phone-and-White-Background.webp]
[apps.nakeddev.com/hs-fs/hub/43674467/hub_generated/template_assets/131822448999/1708386442609/sr-theme-free_copy/js/jquery.min.js]
[cdn.jsdelivr.net/npm/bootstrap@4.6.0/dist/js/bootstrap.min.js]
[static.hsappstatic.net/content-cwv-embed/static-1.971/embed.js]
[apps.nakeddev.com/hs-fs/hub/43674467/hub_generated/template_assets/135387294471/1708386448363/sr-theme-free_copy/child.min.js]
[apps.nakeddev.com/hs/hsstatic/cos-i18n/static-1.53/bundles/project.js]
[apps.nakeddev.com/hs-fs/hub/43674467/hub_generated/module_assets/136400805796/1712500518856/module_136400805796_Banner_Module.min.js]
[apps.nakeddev.com/hs/scriptloader/43674467.js]
[apps.nakeddev.com/hs/hsstatic/HubspotToolsMenu/static-1.354/js/index.js]
[apps.nakeddev.com/hs-fs/hub/43674467/hub_generated/template_assets/131821097908/1708386441771/sr-theme-free_copy/js/interaction.min.js]
[apps.nakeddev.com/hs-fs/hubfs/Naked_2023/webp_images/footer-logoa424.png]
[apps.nakeddev.com/clutch9ab2.html]
[apps.nakeddev.com/hs-fs/hub/43674467/hub_generated/template_assets/131821097813/1708386445378/sr-theme-free_copy/css/bootstrap.min.css]
[apps.nakeddev.com/hs-fs/hub/43674467/hub_generated/template_assets/135387643257/1708386438487/sr-theme-free_copy/child.min.css]
[apps.nakeddev.com/hs-fs/hub/43674467/hub_generated/module_assets/136721250933/1695800703926/module_136721250933_Header.min.css]
[apps.nakeddev.com/hs-fs/hub/43674467/hub_generated/module_assets/136400805796/1712500519523/module_136400805796_Banner_Module.min.css]
[apps.nakeddev.com/hs-fs/hub/43674467/hub_generated/module_assets/136427724442/1695733156588/module_136427724442_Multiple_App_Module.min.css]
[apps.nakeddev.com/hs-fs/hub/43674467/hub_generated/module_assets/136542760758/1712500703744/module_136542760758_Testimonial_Module.min.css]
[apps.nakeddev.com/hs-fs/hub/43674467/hub_generated/module_assets/136436803216/1712501562275/module_136436803216_Multiple_Brands_Module.min.css]
[apps.nakeddev.com/hs-fs/hub/43674467/hub_generated/module_assets/136546121514/1696402916100/module_136546121514_Full_Width_Module.min.css]
[apps.nakeddev.com/hs-fs/hub/43674467/hub_generated/module_assets/136550089228/1712501172764/module_136550089228_Four_Block_Module.min.css]
[apps.nakeddev.com/hs-fs/hub/43674467/hub_generated/module_assets/136552478326/1696414021484/module_136552478326_Full_Width_Image_Content_Module.min.css]
[apps.nakeddev.com/hs-fs/hub/43674467/hub_generated/module_assets/136709482838/1695799141339/module_136709482838_Footer.min.css]
[apps.nakeddev.com/clutch.html]
[apps.nakeddev.com/hs-fs/hub/43674467/hub_generated/template_assets/131821100098/1708386446876/sr-theme-free_copy/css/custom-styles.min.css]
[apps.nakeddev.com/hs-fs/hub/43674467/hub_generated/template_assets/139861368111/1697115402077/NakedDev_September2023/js/jquery.min.js]
[apps.nakeddev.com/hs-fs/hub/43674467/hub_generated/template_assets/136696763828/1698509645094/NakedDev_September2023/css/main.css]
[cdnjs.cloudflare.com/ajax/libs/font-awesome/6.2.1/css/all.min.css]
[apps.nakeddev.com/hs-fs/hub/43674467/hub_generated/template_assets/136707795278/1698509651404/NakedDev_September2023/css/theme-overrides.min.css]
[cdnjs.cloudflare.com/ajax/libs/font-awesome/4.7.0/css/font-awesome.min.css]
[apps.nakeddev.com/hs-fs/hub/43674467/hub_generated/template_assets/136707877998/1710501147521/NakedDev_September2023/child.min.css]
[apps.nakeddev.com/hs-fs/hub/43674467/hub_generated/template_assets/137049009220/1696415267562/NakedDev_September2023/blog.min.css]
[cdn2.hubspot.net/hub/-1/hub_generated/module_assets/-33947244299/1724422744479/module_-33947244299_Meetings.min.css]
[apps.nakeddev.com/_hcms/googlefonts/Oswald/regular.woff2]
[apps.nakeddev.com/_hcms/googlefonts/Oswald/regular.woff]
[apps.nakeddev.com/_hcms/googlefonts/Roboto/regular.woff2]
[apps.nakeddev.com/_hcms/googlefonts/Roboto/regular.woff]
[apps.nakeddev.com/hs-fs/hubfs/raw_assets/public/NakedDev_September2023/images/light-logo8d78.png]
[apps.nakeddev.com/web.html]
[static.hsappstatic.net/MeetingsEmbed/ex/MeetingsEmbedCode.js]
[apps.nakeddev.com/NakedDev_September2023/templates/partials/footer.html]
[apps.nakeddev.com/hs-fs/hubfs/raw_assets/public/NakedDev_September2023/images/light-logo-footer407c.png]
[43674467.fs1.hubspotusercontent-na1.net/hub/43674467/hubfs/John-Driscoll3cef.jpg]
[43674467.fs1.hubspotusercontent-na1.net/hub/43674467/hubfs/Screenshot 2023-10-11 at 7.35.53 AMb61e.png]
[apps.nakeddev.com/hs-fs/hubfs/NakedDev_September2023/images/codedoc-13564.png]
[apps.nakeddev.com/hs-fs/hubfs/NakedDev_September2023/images/The_Elite_OC-Color_Main_copy_1815c.png]
[apps.nakeddev.com/hs-fs/hubfs/NakedDev_September2023/images/1mill_cups-1c0a4.png]
[apps.nakeddev.com/hs-fs/hub/43674467/hub_generated/template_assets/136707643204/1696418106916/NakedDev_September2023/child.min.js]
[apps.nakeddev.com/hs-fs/hub/43674467/hub_generated/template_assets/136700982825/1698509645161/NakedDev_September2023/js/plugins/aos.min.js]
[apps.nakeddev.com/hs/hsstatic/keyboard-accessible-menu-flyouts/static-1.17/bundles/project.js]
[apps.nakeddev.com/cal-clutch.html]
[stats.sprocketrocket.co/js/analytics.js]
[apps.nakeddev.com/hs-fs/hub/43674467/hub_generated/template_assets/136696763828/1698509645094/NakedDev_September2023/css/main.css]
[cdnjs.cloudflare.com/ajax/libs/font-awesome/6.2.1/css/all.min.css]
[apps.nakeddev.com/hs-fs/hub/43674467/hub_generated/template_assets/136707795278/1698509651404/NakedDev_September2023/css/theme-overrides.min.css]
[cdnjs.cloudflare.com/ajax/libs/font-awesome/4.7.0/css/font-awesome.min.css]
[apps.nakeddev.com/hs-fs/hub/43674467/hub_generated/template_assets/136707877998/1710501147521/NakedDev_September2023/child.min.css]
[apps.nakeddev.com/hs-fs/hub/43674467/hub_generated/template_assets/137049009220/1696415267562/NakedDev_September2023/blog.min.css]
[cdn2.hubspot.net/hub/-1/hub_generated/module_assets/-33947244299/1724422744479/module_-33947244299_Meetings.min.css]
[apps.nakeddev.com/hubfs/NakedDev_September2023/js/widget.clutch.co_static_js_widget.js]
[apps.nakeddev.com/hs-fs/hubfs/Naked_2023/webp_images/logo27f71.jpg]
[apps.nakeddev.com/hs-fs/hubfs/top_clutch.co_mobile__app_marketing_company_united_states_2024-107ab.png]
[apps.nakeddev.com/hs-fs/hubfs/Approved Partner Badge.EN-17d19.png]
[apps.nakeddev.com/hs-fs/hubfs/top_clutch.co_app_development_company_financial_services_united_states-19e8b.png]
[js.hsforms.net/forms/embed/v2.js]
[apps.nakeddev.com/web.html]
[apps.nakeddev.com/NakedDev_September2023/templates/partials/footer.html]
[apps.nakeddev.com/web-cal.html]
[apps.nakeddev.com/web-cal.html]
